[2026-09-18 12:01:53] ADMIN: admin - Berjaya log masuk ke Admin Panel.
[2026-09-18 12:05:07] ADMIN: admin - Gagal log masuk: Kata laluan salah!
[2026-09-18 12:05:37] ADMIN: admin - Berjaya log masuk ke Admin Panel.
[2026-09-18 12:06:57] ADMIN: admin - Log keluar dari Admin Panel.
[2026-09-18 12:40:50] ADMIN: admin - Gagal log masuk: Ralat keselamatan: Peranti USB YubiKey fizikal tidak dicolokkan!
[2026-09-18 12:41:10] ADMIN: admin - Gagal log masuk: Ralat keselamatan: Peranti USB YubiKey fizikal tidak dicolokkan!
[2026-09-18 12:41:13] ADMIN: admin - Gagal log masuk: Ralat keselamatan: Peranti USB YubiKey fizikal tidak dicolokkan!
[2026-09-18 12:41:21] ADMIN: admin - Gagal log masuk: Ralat keselamatan: Peranti USB YubiKey fizikal tidak dicolokkan!
[2026-09-18 12:45:00] ADMIN: admin - Berjaya log masuk ke Admin Panel.
[2026-09-18 12:45:04] ADMIN: admin - Log keluar dari Admin Panel.
[2026-09-18 12:45:11] ADMIN: admin - Berjaya log masuk ke Admin Panel.
[2026-09-18 12:45:14] ADMIN: admin - Log keluar dari Admin Panel.
[2026-09-18 12:45:17] ADMIN: admin - Berjaya log masuk ke Admin Panel.
[2026-09-18 12:45:20] ADMIN: admin - Log keluar dari Admin Panel.
[2026-09-18 12:45:25] ADMIN: admin - Berjaya log masuk ke Admin Panel.
[2026-09-18 12:50:04] ADMIN: admin - Gagal log masuk: Ralat Keselamatan: Sila cucuk dan sentuh peranti YubiKey fizikal anda!
[2026-09-18 12:50:29] ADMIN: admin - Gagal log masuk: Ralat Keselamatan: Sila cucuk dan sentuh peranti YubiKey fizikal anda!
[2026-09-18 12:50:35] ADMIN: admin - Gagal log masuk: Ralat Keselamatan: Sila cucuk dan sentuh peranti YubiKey fizikal anda!
[2026-09-18 12:50:38] ADMIN: admin - Gagal log masuk: Ralat Keselamatan: Sila cucuk dan sentuh peranti YubiKey fizikal anda!
[2026-09-18 12:51:00] ADMIN: admin - Gagal log masuk: Ralat Keselamatan: Sila cucuk dan sentuh peranti YubiKey fizikal anda!
[2026-09-18 12:51:19] ADMIN: admin - Gagal log masuk: Ralat Keselamatan: Sila cucuk dan sentuh peranti YubiKey fizikal anda!
[2026-09-18 12:51:23] ADMIN: admin - Gagal log masuk: Ralat Keselamatan: Sila cucuk dan sentuh peranti YubiKey fizikal anda!
[2026-09-18 12:51:33] ADMIN: admin - Gagal log masuk: Ralat Keselamatan: Sila cucuk dan sentuh peranti YubiKey fizikal anda!
[2026-09-18 12:52:25] ADMIN: admin - Gagal log masuk: Ralat Keselamatan: Sila cucuk dan sentuh peranti YubiKey fizikal anda!
[2026-09-18 12:52:38] ADMIN: admin - Gagal log masuk: Ralat Keselamatan: Sila cucuk dan sentuh peranti YubiKey fizikal anda!
[2026-09-18 12:55:48] ADMIN: admin - Gagal log masuk: Ralat Keselamatan: Sila cucuk Thumbdrive (Pemacu E:) anda terlebih dahulu!
[2026-09-18 12:55:52] ADMIN: admin - Gagal log masuk: Ralat Keselamatan: Sila cucuk Thumbdrive (Pemacu E:) anda terlebih dahulu!
[2026-09-18 12:56:04] ADMIN: admin - Berjaya log masuk ke Admin Panel.
[2026-09-18 12:56:05] ADMIN: admin - Berjaya log masuk ke Admin Panel.
[2026-09-18 12:56:05] ADMIN: admin - Berjaya log masuk ke Admin Panel.
[2026-09-18 12:56:05] ADMIN: admin - Berjaya log masuk ke Admin Panel.
[2026-09-18 12:56:05] ADMIN: admin - Berjaya log masuk ke Admin Panel.
[2026-09-18 12:56:16] ADMIN: admin - Gagal log masuk: Ralat Keselamatan: Sila cucuk Thumbdrive (Pemacu E:) anda terlebih dahulu!
[2026-09-18 12:56:19] ADMIN: admin - Gagal log masuk: Ralat Keselamatan: Sila cucuk Thumbdrive (Pemacu E:) anda terlebih dahulu!
[2026-09-18 12:56:30] ADMIN: admin - Berjaya log masuk ke Admin Panel.
[2026-09-18 12:56:43] ADMIN: admin - Berjaya log masuk ke Admin Panel.
[2026-09-18 12:56:45] ADMIN: admin - Log keluar dari Admin Panel.
[2026-09-18 12:56:49] ADMIN: admin - Gagal log masuk: Ralat Keselamatan: Sila cucuk Thumbdrive (Pemacu E:) anda terlebih dahulu!
[2026-09-18 12:59:48] ADMIN: admin - Gagal log masuk: PENGESAHAN KESELAMATAN TIDAK DIKESAN
[2026-09-18 13:00:18] ADMIN: admin - Berjaya log masuk ke Admin Panel.
[2026-09-18 13:00:37] ADMIN: admin - Log keluar dari Admin Panel.
[2026-09-18 13:00:43] ADMIN: admin - Berjaya log masuk ke Admin Panel.
[2026-09-18 13:02:29] ADMIN: admin - Log keluar dari Admin Panel.
[2026-09-18 13:02:47] ADMIN: admin - Berjaya log masuk ke Admin Panel.
[2026-09-18 15:27:04] ADMIN: admin - Berjaya log masuk ke Admin Panel.
[2026-09-18 15:38:58] ADMIN: admin - Gagal log masuk: PENGESAHAN KESELAMATAN TIDAK DIKESAN
[2026-09-18 15:39:13] ADMIN: admin - Berjaya log masuk ke Admin Panel.
[2026-09-18 16:12:59] ADMIN: admin - Mendaftarkan klien baru: shahril basri leisure (sbltransport)
[2026-09-18 16:18:13] ADMIN: admin - Mendaftarkan klien baru: test (testlogin)
[2026-09-18 16:22:50] ADMIN: admin - Log keluar dari Admin Panel.
[2026-09-18 16:23:01] ADMIN: testlogin - Gagal log masuk: PENGESAHAN KESELAMATAN TIDAK DIKESAN
[2026-09-18 16:28:52] ADMIN: admin - Berjaya log masuk ke Admin Panel.
[2026-09-18 16:34:46] ADMIN: admin - Mendaftarkan klien baru: subhanallah (subhanallah)
[2026-09-18 16:35:03] ADMIN: admin - Log keluar dari Admin Panel.
[2026-09-18 16:35:20] ADMIN: subhanallah - Gagal log masuk: PENGESAHAN KESELAMATAN TIDAK DIKESAN
[2026-09-18 16:35:45] ADMIN: testlogin - Gagal log masuk: PENGESAHAN KESELAMATAN TIDAK DIKESAN
[2026-09-18 19:24:58] ADMIN: admin - Berjaya log masuk ke Admin Panel.
[2026-09-18 20:03:26] ADMIN: admin - Gagal log masuk: PENGESAHAN KESELAMATAN TIDAK DIKESAN
[2026-09-18 20:03:38] ADMIN: admin - Berjaya log masuk ke Admin Panel.
[2026-09-18 20:12:56] ADMIN: admin - Berjaya log masuk ke Admin Panel.
[2026-09-18 20:24:36] ADMIN: admin - Log keluar dari Admin Panel.
[2026-09-18 20:25:47] ADMIN: admin - Berjaya log masuk ke Admin Panel.
[2026-09-18 20:29:38] ADMIN: admin - Mendaftarkan klien baru: Shahril Basri Leisure (sbltransport)
[2026-09-18 20:34:46] ADMIN: admin - Menyambungkan bot (bot_shahrilbasrileisure_364c5e) untuk ID klien: 6
